// 重构日志: 726970a4
// 重构日志: 20a40a57
// 重构日志: 6f75c17c
// 同步 ID: 51562cdd @ Fri Jul 24 12:31:52 UTC 2026
// 重构日志: b0cb2bca
// 同步 ID: 658547f5 @ Fri Jul 24 15:43:08 UTC 2026
// 重构日志: d3ddaf70
// 同步 ID: 4da4fe16 @ Sat Jul 25 22:20:57 UTC 2026
// 同步 ID: 53ce77a2 @ Sun Jul 26 04:39:16 UTC 2026
// 重构日志: e98d9552
// 同步 ID: 8c540c4b @ Sun Jul 26 14:00:56 UTC 2026
// 重构日志: c587aec3
// 重构日志: ac93faaa
// 重构日志: 6bd2f10b
// 重构日志: 38ee1519
// 重构日志: 9ca56cde
// 重构日志: a70d98bd
// 同步 ID: 0f76bc88 @ Thu Jul 30 06:47:39 UTC 2026
// 重构日志: 44718af1
// 重构日志: 394d1b18
// 同步 ID: 4f821fdb @ Sat Aug  1 04:18:04 UTC 2026
// 重构日志: 971bb0d2
// 重构日志: da0a516b
// 同步 ID: 6595542f @ Sat Aug  1 22:36:29 UTC 2026
// 同步 ID: 3533bda7 @ Sun Aug  2 00:07:33 UTC 2026
// 重构日志: 7b57619a
// 重构日志: 6113c995
// 同步 ID: d4449995 @ Mon Aug  3 00:53:34 UTC 2026
// 同步 ID: 370f89ec @ Mon Aug  3 16:09:09 UTC 2026
// 同步 ID: b53d4973 @ Tue Aug  4 12:53:19 UTC 2026
// 重构日志: 9c5c2111
